Estamos aprendendo a criar um arquivo direto na plataforma do GitHub e realizar o comando...

GIT PULL no repositório local...

ou seja, na nossa máquina vamos atualizar com os arquivos remotos...

BELEZA!!!


Temos abaixo a sequencia de comando aprendido hoje: 05/03/2021 as 19:33 sexta-feira:


WAGNER@WagnerBarros MINGW64 /c/GIT - GITHUB (master)
$ git clone https://github.com/Hamamellis/Curso_GitGitHub.git
Cloning into 'Curso_GitGitHub'...
remote: Enumerating objects: 3, done.
remote: Counting objects: 100% (3/3), done.
remote: Compressing objects: 100% (2/2), done.
remote: Total 3 (delta 0), reused 0 (delta 0), pack-reused 0
Receiving objects: 100% (3/3), done.

WAGNER@WagnerBarros MINGW64 /c/GIT - GITHUB (master)
$ cd Curso_GitGitHub

WAGNER@WagnerBarros MINGW64 /c/GIT - GITHUB/Curso_GitGitHub (main)
$ ls
README.md

WAGNER@WagnerBarros MINGW64 /c/GIT - GITHUB/Curso_GitGitHub (main)
$ git add informações.txt

WAGNER@WagnerBarros MINGW64 /c/GIT - GITHUB/Curso_GitGitHub (main)
$ ls
Informações.txt  README.md

WAGNER@WagnerBarros MINGW64 /c/GIT - GITHUB/Curso_GitGitHub (main)
$ git status
On branch main
Your branch is up to date with 'origin/main'.

Untracked files:
  (use "git add <file>..." to include in what will be committed)
        "Informa\303\247\303\265es.txt"

nothing added to commit but untracked files present (use "git add" to track)

WAGNER@WagnerBarros MINGW64 /c/GIT - GITHUB/Curso_GitGitHub (main)
$ git commit -m "Arquivo criado após o git clone para a maquina..."
On branch main
Your branch is up to date with 'origin/main'.

Untracked files:
  (use "git add <file>..." to include in what will be committed)
        "Informa\303\247\303\265es.txt"

nothing added to commit but untracked files present (use "git add" to track)

WAGNER@WagnerBarros MINGW64 /c/GIT - GITHUB/Curso_GitGitHub (main)
$ git status
On branch main
Your branch is up to date with 'origin/main'.

Untracked files:
  (use "git add <file>..." to include in what will be committed)
        "Informa\303\247\303\265es.txt"

nothing added to commit but untracked files present (use "git add" to track)

WAGNER@WagnerBarros MINGW64 /c/GIT - GITHUB/Curso_GitGitHub (main)
$ git add informações.txtnforma\303\247\303\265es.txt
fatal: pathspec 'informações.txtnforma303247303265es.txt' did not match any files

WAGNER@WagnerBarros MINGW64 /c/GIT - GITHUB/Curso_GitGitHub (main)
$ git status
On branch main
Your branch is up to date with 'origin/main'.

Untracked files:
  (use "git add <file>..." to include in what will be committed)
        "Informa\303\247\303\265es.txt"

nothing added to commit but untracked files present (use "git add" to track)

WAGNER@WagnerBarros MINGW64 /c/GIT - GITHUB/Curso_GitGitHub (main)
$ git add informacoes.txt

WAGNER@WagnerBarros MINGW64 /c/GIT - GITHUB/Curso_GitGitHub (main)
$ git status
On branch main
Your branch is up to date with 'origin/main'.

Untracked files:
  (use "git add <file>..." to include in what will be committed)
        Informacoes.txt

nothing added to commit but untracked files present (use "git add" to track)

WAGNER@WagnerBarros MINGW64 /c/GIT - GITHUB/Curso_GitGitHub (main)
$ git add Informacoes.txt

WAGNER@WagnerBarros MINGW64 /c/GIT - GITHUB/Curso_GitGitHub (main)
$ git status
On branch main
Your branch is up to date with 'origin/main'.

Changes to be committed:
  (use "git restore --staged <file>..." to unstage)
        new file:   Informacoes.txt


WAGNER@WagnerBarros MINGW64 /c/GIT - GITHUB/Curso_GitGitHub (main)
$ git commit -m "Arquivo criado após o git clone para a maquina..."
[main 173dee1] Arquivo criado após o git clone para a maquina...
 1 file changed, 12 insertions(+)
 create mode 100644 Informacoes.txt

WAGNER@WagnerBarros MINGW64 /c/GIT - GITHUB/Curso_GitGitHub (main)
$ git push
Enumerating objects: 4, done.
Counting objects: 100% (4/4), done.
Delta compression using up to 12 threads
Compressing objects: 100% (3/3), done.
Writing objects: 100% (3/3), 568 bytes | 568.00 KiB/s, done.
Total 3 (delta 0), reused 0 (delta 0), pack-reused 0
To https://github.com/Hamamellis/Curso_GitGitHub.git
   a18accd..173dee1  main -> main

WAGNER@WagnerBarros MINGW64 /c/GIT - GITHUB/Curso_GitGitHub (main)
$ git pull
remote: Enumerating objects: 7, done.
remote: Counting objects: 100% (7/7), done.
remote: Compressing objects: 100% (6/6), done.
remote: Total 6 (delta 1), reused 0 (delta 0), pack-reused 0
Unpacking objects: 100% (6/6), 1.52 KiB | 119.00 KiB/s, done.
From https://github.com/Hamamellis/Curso_GitGitHub
   173dee1..aaa3556  main       -> origin/main
Updating 173dee1..aaa3556
Fast-forward
 Pull.txt | 9 +++++++++
 1 file changed, 9 insertions(+)
 create mode 100644 Pull.txt
 
 ---------------------------------------------------------------------------------------------
 
 WAGNER@WagnerBarros MINGW64 /c/GIT - GITHUB/Curso_GitGitHub (main)
$ git pull
remote: Enumerating objects: 5, done.
remote: Counting objects: 100% (5/5), done.
remote: Compressing objects: 100% (3/3), done.
remote: Total 3 (delta 0), reused 0 (delta 0), pack-reused 0
Unpacking objects: 100% (3/3), 1.71 KiB | 249.00 KiB/s, done.
From https://github.com/Hamamellis/Curso_GitGitHub
   aaa3556..a08dd0a  main       -> origin/main
Updating aaa3556..a08dd0a
Fast-forward
 Pull.txt | 133 +++++++++++++++++++++++++++++++++++++++++++++++++++++++++++++++
 1 file changed, 133 insertions(+)

WAGNER@WagnerBarros MINGW64 /c/GIT - GITHUB/Curso_GitGitHub (main)
$

